Testing gemini-1.5-flash:
node : FAIL for 
gemini-1.5-flash: 
[GoogleGenerativeAI 
Error]: Error fetching 
from https://generativelan
guage.googleapis.com/v1bet
a/models/gemini-1.5-flash:
generateContent: [404 Not 
Found] 
models/gemini-1.5-flash 
is not found for API 
version v1beta, or is not 
supported for 
generateContent. Call 
ListModels to see the 
list of available models 
and their supported 
methods.
At line:1 char:1
+ node test-gemini.js > 
test_output.txt 2>&1
+ ~~~~~~~~~~~~~~~~~~~~~~~~
~~~~~~~~~~~~~~~~~~
    + CategoryInfo        
      : NotSpecified: (F  
  AIL for gemini...port   
 ed methods.:String) [    
], RemoteException
    + FullyQualifiedError 
   Id : NativeCommandErr  
  or
 
Testing gemini-1.5-flash-latest:
FAIL for 
gemini-1.5-flash-latest: 
[GoogleGenerativeAI 
Error]: Error fetching 
from https://generativelan
guage.googleapis.com/v1bet
a/models/gemini-1.5-flash-
latest:generateContent: 
[404 Not Found] models/gem
ini-1.5-flash-latest is 
not found for API version 
v1beta, or is not 
supported for 
generateContent. Call 
ListModels to see the 
list of available models 
and their supported 
methods.
Testing gemini-pro:
FAIL for gemini-pro: 
[GoogleGenerativeAI 
Error]: Error fetching 
from https://generativelan
guage.googleapis.com/v1bet
a/models/gemini-pro:genera
teContent: [404 Not 
Found] models/gemini-pro 
is not found for API 
version v1beta, or is not 
supported for 
generateContent. Call 
ListModels to see the 
list of available models 
and their supported 
methods.
Testing gemini-1.5-pro:
FAIL for gemini-1.5-pro: 
[GoogleGenerativeAI 
Error]: Error fetching 
from https://generativelan
guage.googleapis.com/v1bet
a/models/gemini-1.5-pro:ge
nerateContent: [404 Not 
Found] 
models/gemini-1.5-pro is 
not found for API version 
v1beta, or is not 
supported for 
generateContent. Call 
ListModels to see the 
list of available models 
and their supported 
methods.
